// Jest Snapshot v1, https://goo.gl/fbAQLP

exports[`SharpAvatar Component should match snapshot 1`] = `
<span
  class="ant-avatar ant-avatar-lg ant-avatar-circle ant-avatar-image css-dev-only-do-not-override-1vjf2v5"
>
  <img
    alt="User Avatar"
    src="https://example.com/avatar.jpg"
  />
</span>
`;
