// Jest Snapshot v1, https://goo.gl/fbAQLP

exports[`SharpButton Component should match snapshot 1`] = `
<button
  class="ant-btn css-dev-only-do-not-override-1vjf2v5 ant-btn-default ant-btn-color-default ant-btn-variant-outlined"
  type="button"
>
  <span>
    Snapshot Test
  </span>
</button>
`;
