// Jest Snapshot v1, https://goo.gl/fbAQLP

exports[`SharpCard Component should match snapshot 1`] = `
<div
  class="ant-card ant-card-bordered css-dev-only-do-not-override-1vjf2v5"
>
  <div
    class="ant-card-head"
  >
    <div
      class="ant-card-head-wrapper"
    >
      <div
        class="ant-card-head-title"
      >
        Snapshot Test
      </div>
    </div>
  </div>
  <div
    class="ant-card-body"
  >
    <p>
      Snapshot content
    </p>
  </div>
</div>
`;
