// Jest Snapshot v1, https://goo.gl/fbAQLP

exports[`Root Layout should match snapshot 1`] = `
<html
  lang="en"
>
  <head>
    <link
      href="/images/sharp-icon.ico"
      rel="icon"
    />
    <link
      href="https://fonts.googleapis.com"
      rel="preconnect"
    />
    <link
      crossorigin="anonymous"
      href="https://fonts.gstatic.com"
      rel="preconnect"
    />
    <link
      href="https://fonts.googleapis.com/css2?family=Courier+Prime:ital,wght@0,400;0,700;1,400;1,700&family=Inter:ital,opsz,wght@0,14..32,100..900;1,14..32,100..900&display=swap"
      rel="stylesheet"
    />
  </head>
  <body
    class="inter-font"
  >
    <div
      data-testid="app-providers"
    >
      <div>
        Snapshot Content
      </div>
    </div>
  </body>
</html>
`;
