// Jest Snapshot v1, https://goo.gl/fbAQLP

exports[`AppProviders should match snapshot 1`] = `
<div
  data-testid="store-provider"
>
  <div
    data-testid="style-provider"
  >
    <div
      data-testid="antd-registry"
    >
      <div
        data-testid="config-provider"
        data-theme="#CB3B84"
      >
        <div
          data-testid="test-child"
        >
          Test Child
        </div>
        <div
          data-rht-toaster=""
          style="position: fixed; z-index: 9999; top: 16px; left: 16px; right: 16px; bottom: 16px; pointer-events: none;"
        />
      </div>
    </div>
  </div>
</div>
`;
